ID,blah1,blah2,val,gene_symbol
ID1,blah,blah,10,Apple
ID2,blah,blah,20,Banana
ID3,blah,blah,30,Plantain
ID4,blah,blah,40,Broccoli
